// Jest Snapshot v1, https://goo.gl/fbAQLP

exports[`Header Component renders correctly 1`] = `
<div>
  <h1>
    Cart App
  </h1>
</div>
`;
